// Jest Snapshot v1, https://goo.gl/fbAQLP

exports[`aaa 1`] = `
<div>
  <div
    className="row"
  >
    <div
      className="col"
    >
      <header>
        <img
          src=""
        />
      </header>
    </div>
  </div>
  <div
    className="row"
  >
    <div
      className="col"
    >
      <div>
        <div
          className="card"
        >
          <form>
            <div
              className="card-header"
            >
              地名
            </div>
            <div
              className="card-body"
            >
              <div
                className="input-group"
              >
                <input
                  className="form-control"
                  onChange={[Function]}
                  placeholder="東京都千代田区丸の内1丁目"
                />
              </div>
            </div>
            <div
              className="card-header"
            >
              チェックイン日
            </div>
            <div
              className="card-body"
            >
              <div
                className="react-datepicker-wrapper"
              >
                <div
                  className="react-datepicker__input-container"
                >
                  <input
                    className=""
                    disabled={false}
                    onBlur={[Function]}
                    onChange={[Function]}
                    onClick={[Function]}
                    onFocus={[Function]}
                    onKeyDown={[Function]}
                    readOnly={false}
                    type="text"
                    value="05/23/2021"
                  />
                </div>
              </div>
            </div>
            <div
              className="card-header"
            >
              チェックアウト日
            </div>
            <div
              className="card-body"
            >
              <div
                className="react-datepicker-wrapper"
              >
                <div
                  className="react-datepicker__input-container"
                >
                  <input
                    className=""
                    disabled={false}
                    onBlur={[Function]}
                    onChange={[Function]}
                    onClick={[Function]}
                    onFocus={[Function]}
                    onKeyDown={[Function]}
                    readOnly={false}
                    type="text"
                    value="05/24/2021"
                  />
                </div>
              </div>
            </div>
            <button
              onClick={[Function]}
            >
              検索する
            </button>
          </form>
        </div>
      </div>
    </div>
    <div
      className="col"
    />
  </div>
</div>
`;
